{"time":"2026-05-13T14:37:19.994210308+07:00","level":"INFO","msg":"starting gos3 server","version":"42b902d-dirty"}
{"time":"2026-05-13T14:37:19.999864376+07:00","level":"INFO","msg":"starting HTTP server","addr":"0.0.0.0:9099"}
{"time":"2026-05-13T14:37:19.999992535+07:00","level":"INFO","msg":"running lifecycle cleanup"}
{"time":"2026-05-13T14:37:21.710010828+07:00","level":"INFO","msg":"request completed","request_id":"1b857187-1727-46f4-8938-96675ac75fad","method":"GET","path":"/mybucket","status":404,"size":210,"duration_ms":0,"remote_addr":"[::1]:34624"}
{"time":"2026-05-13T14:37:21.710896415+07:00","level":"INFO","msg":"request completed","request_id":"94ab5a42-4831-4d9d-8bd2-870b95ec68c8","method":"GET","path":"/mybucket","status":404,"size":210,"duration_ms":0,"remote_addr":"[::1]:34640"}
{"time":"2026-05-13T14:37:21.711437615+07:00","level":"INFO","msg":"request completed","request_id":"055828f8-f421-4852-813a-597d6bdeb276","method":"GET","path":"/mybucket","status":404,"size":210,"duration_ms":0,"remote_addr":"[::1]:34642"}
{"time":"2026-05-13T14:37:21.713911811+07:00","level":"INFO","msg":"request completed","request_id":"0f5997c2-e0f2-4a53-a42e-7425981bc3bb","method":"GET","path":"/mybucket","status":404,"size":210,"duration_ms":0,"remote_addr":"[::1]:34652"}
{"time":"2026-05-13T14:37:21.714862769+07:00","level":"INFO","msg":"request completed","request_id":"613b946a-5f8f-4b55-8811-3363c92c294d","method":"GET","path":"/mybucket","status":404,"size":210,"duration_ms":0,"remote_addr":"[::1]:34658"}
{"time":"2026-05-13T14:37:21.714897131+07:00","level":"INFO","msg":"request completed","request_id":"0f7b0330-5e2c-46a1-92ed-9be06dfe12e3","method":"GET","path":"/mybucket","status":404,"size":210,"duration_ms":0,"remote_addr":"[::1]:34660"}
{"time":"2026-05-13T14:37:21.715092756+07:00","level":"INFO","msg":"request completed","request_id":"4130d6fb-a060-4d3f-845d-fd1f0e65e187","method":"GET","path":"/mybucket","status":404,"size":210,"duration_ms":0,"remote_addr":"[::1]:34656"}
{"time":"2026-05-13T14:37:21.7166528+07:00","level":"INFO","msg":"request completed","request_id":"f4bfaec6-e513-43d2-bfcd-55b43143289f","method":"GET","path":"/mybucket","status":404,"size":210,"duration_ms":0,"remote_addr":"[::1]:34682"}
{"time":"2026-05-13T14:37:21.71675826+07:00","level":"INFO","msg":"request completed","request_id":"9b137626-d036-48fd-baac-9659182c90a8","method":"GET","path":"/mybucket","status":404,"size":210,"duration_ms":0,"remote_addr":"[::1]:34680"}
{"time":"2026-05-13T14:37:21.718075746+07:00","level":"INFO","msg":"request completed","request_id":"ec749896-0af0-4e85-b5d0-57e905a18ab7","method":"GET","path":"/mybucket","status":404,"size":210,"duration_ms":0,"remote_addr":"[::1]:34708"}
{"time":"2026-05-13T14:37:21.719652132+07:00","level":"INFO","msg":"request completed","request_id":"2af3f1e1-ef69-43e8-9b39-f85b6334d344","method":"GET","path":"/mybucket","status":404,"size":210,"duration_ms":0,"remote_addr":"[::1]:34730"}
{"time":"2026-05-13T14:37:21.719720786+07:00","level":"INFO","msg":"request completed","request_id":"46cb04e3-4504-45bd-91f6-243cbc798cd0","method":"GET","path":"/mybucket","status":404,"size":210,"duration_ms":0,"remote_addr":"[::1]:34734"}
{"time":"2026-05-13T14:37:21.719745161+07:00","level":"INFO","msg":"request completed","request_id":"ceaa9103-1e64-403e-a427-81935fc36473","method":"GET","path":"/mybucket","status":404,"size":210,"duration_ms":0,"remote_addr":"[::1]:34714"}
{"time":"2026-05-13T14:37:21.721563827+07:00","level":"INFO","msg":"request completed","request_id":"0f615af2-9c8c-4b59-8b3f-32ed9c42ad60","method":"GET","path":"/mybucket","status":404,"size":210,"duration_ms":0,"remote_addr":"[::1]:34742"}
{"time":"2026-05-13T14:37:21.7218529+07:00","level":"INFO","msg":"request completed","request_id":"de56ffe8-5e7c-4ad1-a345-ba446c5c37c9","method":"GET","path":"/mybucket","status":404,"size":210,"duration_ms":0,"remote_addr":"[::1]:34756"}
{"time":"2026-05-13T14:37:21.722797153+07:00","level":"INFO","msg":"request completed","request_id":"62a824bf-c97d-4fa1-abf9-bef4c7bb143a","method":"GET","path":"/mybucket","status":404,"size":210,"duration_ms":0,"remote_addr":"[::1]:34760"}
{"time":"2026-05-13T14:37:21.722801972+07:00","level":"INFO","msg":"request completed","request_id":"1ed86a41-64b6-4e35-8b9d-c3fce5894b5b","method":"GET","path":"/mybucket","status":404,"size":210,"duration_ms":0,"remote_addr":"[::1]:34762"}
{"time":"2026-05-13T14:37:21.723576093+07:00","level":"INFO","msg":"request completed","request_id":"27aa0edb-b75a-47b9-b198-363f9c08fb5d","method":"GET","path":"/mybucket","status":404,"size":210,"duration_ms":0,"remote_addr":"[::1]:34784"}
{"time":"2026-05-13T14:37:21.724380245+07:00","level":"INFO","msg":"request completed","request_id":"aaa3e344-d590-44ae-bd6a-c638a4d12c93","method":"GET","path":"/mybucket","status":404,"size":210,"duration_ms":0,"remote_addr":"[::1]:34786"}
{"time":"2026-05-13T14:37:21.725291533+07:00","level":"INFO","msg":"request completed","request_id":"60fa3b6e-cf0b-437e-9904-6937d6ee6f8f","method":"GET","path":"/mybucket","status":404,"size":210,"duration_ms":0,"remote_addr":"[::1]:34796"}
